node.exe : npm warn 
invalid config include="
src/app/layouts/main-lay
out/main-layout.componen
t.spec.ts" set in 
command line options
At C:\Program 
Files\nodejs\npm.ps1:29 
char:3
+   & $NODE_EXE 
$NPM_CLI_JS $args
+   ~~~~~~~~~~~~~~~~~~~~
~~~~~~~~~
    + CategoryInfo      
        : NotSpecified  
  : (npm warn invali.   
 ..nd line options:S    
tring) [], RemoteEx    
ception
    + FullyQualifiedErr 
   orId : NativeComman  
  dError
 
npm warn invalid config 
Must be one or more of: 
prod, dev, optional, 
peer

> e-commerce-client@0.0.0 test:ci
> ng test --watch=false --browsers=ChromeHeadless

[33mΓ¥»[39m Building...
[32mΓ£ö[39m Building...
[1mInitial chunk files[22m               [2m | [22m[1mNames[22m                          [2m | [22m [1mRaw size[22m
[32mchunk-EZUTNM2I.js[39m                 [2m | [22m[2m-[22m                              [2m | [22m  [36m2.27 MB[39m[2m | [22m
[32mchunk-M3GVMHM4.js[39m                 [2m | [22m[2m-[22m                              [2m | [22m  [36m2.00 MB[39m[2m | [22m
[32mpolyfills.js[39m                      [2m | [22m[2mpolyfills[22m                      [2m | [22m[36m945.64 kB[39m[2m | [22m
[32mstyles.css[39m                        [2m | [22m[2mstyles[22m                         [2m | [22m[36m487.77 kB[39m[2m | [22m
[32mchunk-6H2HKE2R.js[39m                 [2m | [22m[2m-[22m                              [2m | [22m[36m232.04 kB[39m[2m | [22m
[32mchunk-76MHJYG7.js[39m                 [2m | [22m[2m-[22m                              [2m | [22m[36m197.94 kB[39m[2m | [22m
[32mspec-categories.component.spec.js[39m [2m | [22m[2mspec-categories.component.spec[22m [2m | [22m[36m178.92 kB[39m[2m | [22m
[32mchunk-WXK4DBKB.js[39m                 [2m | [22m[2m-[22m                              [2m | [22m [36m96.56 kB[39m[2m | [22m
[32mchunk-TRMKEENR.js[39m                 [2m | [22m[2m-[22m                              [2m | [22m [36m44.26 kB[39m[2m | [22m
[32mchunk-2NUW7M2I.js[39m                 [2m | [22m[2m-[22m                              [2m | [22m [36m43.44 kB[39m[2m | [22m
[32mchunk-EIOHZ6FL.js[39m                 [2m | [22m[2m-[22m                              [2m | [22m [36m23.83 kB[39m[2m | [22m
[32mchunk-7DCVMVON.js[39m                 [2m | [22m[2m-[22m                              [2m | [22m [36m20.42 kB[39m[2m | [22m
[32mspec-app.routes.spec.js[39m           [2m | [22m[2mspec-app.routes.spec[22m           [2m | [22m [36m14.85 kB[39m[2m | [22m
[32mspec-main-layout.component.spec.js[39m[2m | [22m[2mspec-main-layout.component.spec[22m[2m | [22m [36m14.39 kB[39m[2m | [22m
[32mchunk-D5GWPRGX.js[39m                 [2m | [22m[2m-[22m                              [2m | [22m [36m12.20 kB[39m[2m | [22m
[32mspec-auth.service.spec.js[39m         [2m | [22m[2mspec-auth.service.spec[22m         [2m | [22m  [36m5.07 kB[39m[2m | [22m
[32mspec-order.service.spec.js[39m        [2m | [22m[2mspec-order.service.spec[22m        [2m | [22m  [36m4.63 kB[39m[2m | [22m
[32mtest_main.js[39m                      [2m | [22m[2mtest_main[22m                      [2m | [22m  [36m4.39 kB[39m[2m | [22m
[32mspec-category.service.spec.js[39m     [2m | [22m[2mspec-category.service.spec[22m     [2m | [22m  [36m3.75 kB[39m[2m | [22m
[32mspec-error.interceptor.spec.js[39m    [2m | [22m[2mspec-error.interceptor.spec[22m    [2m | [22m  [36m3.65 kB[39m[2m | [22m
[32mspec-api.service.spec.js[39m          [2m | [22m[2mspec-api.service.spec[22m          [2m | [22m  [36m3.02 kB[39m[2m | [22m
[32mspec-toast.service.spec.js[39m        [2m | [22m[2mspec-toast.service.spec[22m        [2m | [22m  [36m2.86 kB[39m[2m | [22m
[32mspec-storage.service.spec.js[39m      [2m | [22m[2mspec-storage.service.spec[22m      [2m | [22m  [36m2.54 kB[39m[2m | [22m
[32mspec-seller.guard.spec.js[39m         [2m | [22m[2mspec-seller.guard.spec[22m         [2m | [22m  [36m2.38 kB[39m[2m | [22m
[32mspec-app.spec.js[39m                  [2m | [22m[2mspec-app.spec[22m                  [2m | [22m  [36m2.37 kB[39m[2m | [22m
[32mchunk-AGWXSFXK.js[39m                 [2m | [22m[2m-[22m                              [2m | [22m  [36m2.26 kB[39m[2m | [22m
[32mspec-loading.interceptor.spec.js[39m  [2m | [22m[2mspec-loading.interceptor.spec[22m  [2m | [22m  [36m2.10 kB[39m[2m | [22m
[32mchunk-S7UMA2UT.js[39m                 [2m | [22m[2m-[22m                              [2m | [22m  [36m1.99 kB[39m[2m | [22m
[32mspec-auth.interceptor.spec.js[39m     [2m | [22m[2mspec-auth.interceptor.spec[22m     [2m | [22m  [36m1.93 kB[39m[2m | [22m
[32mchunk-E6VBBZUW.js[39m                 [2m | [22m[2m-[22m                              [2m | [22m  [36m1.90 kB[39m[2m | [22m
[32mspec-guest.guard.spec.js[39m          [2m | [22m[2mspec-guest.guard.spec[22m          [2m | [22m  [36m1.81 kB[39m[2m | [22m
[32mspec-auth.guard.spec.js[39m           [2m | [22m[2mspec-auth.guard.spec[22m           [2m | [22m  [36m1.81 kB[39m[2m | [22m
[32mspec-admin.guard.spec.js[39m          [2m | [22m[2mspec-admin.guard.spec[22m          [2m | [22m  [36m1.79 kB[39m[2m | [22m
[32mspec-loading.service.spec.js[39m      [2m | [22m[2mspec-loading.service.spec[22m      [2m | [22m  [36m1.48 kB[39m[2m | [22m
[32mchunk-KRAL5AVI.js[39m                 [2m | [22m[2m-[22m                              [2m | [22m  [36m1.02 kB[39m[2m | [22m
[32mchunk-7OQ6F6UD.js[39m                 [2m | [22m[2m-[22m                              [2m | [22m[36m936 bytes[39m[2m | [22m
[32mchunk-OUWUEVGJ.js[39m                 [2m | [22m[2m-[22m                              [2m | [22m[36m733 bytes[39m[2m | [22m
[32mchunk-2KD3EZIO.js[39m                 [2m | [22m[2m-[22m                              [2m | [22m[36m731 bytes[39m[2m | [22m
[32mchunk-DORTBF56.js[39m                 [2m | [22m[2m-[22m                              [2m | [22m[36m727 bytes[39m[2m | [22m
[32mchunk-S5VXSZVO.js[39m                 [2m | [22m[2m-[22m                              [2m | [22m[36m669 bytes[39m[2m | [22m
[32mchunk-36GOY32I.js[39m                 [2m | [22m[2m-[22m                              [2m | [22m[36m625 bytes[39m[2m | [22m
[32mjasmine-cleanup-0.js[39m              [2m | [22m[2mjasmine-cleanup-0[22m              [2m | [22m[36m519 bytes[39m[2m | [22m

[1m [22m                                 [2m | [22m[1mInitial total[22m                  [2m | [22m  [1m6.65 MB[22m

Application bundle generation complete. [8.016 seconds] - 2026-03-03T14:40:30.061Z

[32m03 03 2026 16:40:30.758:INFO [karma-server]: [39mKarma v6.4.4 server started at http://localhost:9876/
[32m03 03 2026 16:40:30.761:INFO [launcher]: [39mLaunching browsers ChromeHeadless with concurrency unlimited
[32m03 03 2026 16:40:30.782:INFO [launcher]: [39mStarting browser ChromeHeadless
[32m03 03 2026 16:40:32.289:INFO [Chrome Headless 124.0.6367.119 (Windows 10)]: [39mConnected on socket JSx9LjOhfvGxD0LTAAAB with id 92417028
Chrome Headless 124.0.6367.119 (Windows 10): Executed 0 of 91[32m SUCCESS[39m (0 secs / 0 secs)
[1A[2KChrome Headless 124.0.6367.119 (Windows 10): Executed 1 of 91[32m SUCCESS[39m (0 secs / 0.119 secs)
[1A[2KChrome Headless 124.0.6367.119 (Windows 10): Executed 2 of 91[32m SUCCESS[39m (0 secs / 0.149 secs)
[1A[2KChrome Headless 124.0.6367.119 (Windows 10): Executed 3 of 91[32m SUCCESS[39m (0 secs / 0.185 secs)
[1A[2KChrome Headless 124.0.6367.119 (Windows 10): Executed 4 of 91[32m SUCCESS[39m (0 secs / 0.215 secs)
[1A[2KChrome Headless 124.0.6367.119 (Windows 10): Executed 5 of 91[32m SUCCESS[39m (0 secs / 0.248 secs)
[1A[2KChrome Headless 124.0.6367.119 (Windows 10): Executed 6 of 91[32m SUCCESS[39m (0 secs / 0.28 secs)
[1A[2KChrome Headless 124.0.6367.119 (Windows 10): Executed 7 of 91[32m SUCCESS[39m (0 secs / 0.317 secs)
[1A[2KChrome Headless 124.0.6367.119 (Windows 10): Executed 8 of 91[32m SUCCESS[39m (0 secs / 0.367 secs)
[1A[2KChrome Headless 124.0.6367.119 (Windows 10): Executed 9 of 91[32m SUCCESS[39m (0 secs / 0.4 secs)
[1A[2KChrome Headless 124.0.6367.119 (Windows 10): Executed 10 of 91[32m SUCCESS[39m (0 secs / 0.424 secs)
[1A[2KChrome Headless 124.0.6367.119 (Windows 10): Executed 11 of 91[32m SUCCESS[39m (0 secs / 0.449 secs)
[1A[2KChrome Headless 124.0.6367.119 (Windows 10): Executed 12 of 91[32m SUCCESS[39m (0 secs / 0.471 secs)
[1A[2KChrome Headless 124.0.6367.119 (Windows 10): Executed 13 of 91[32m SUCCESS[39m (0 secs / 0.496 secs)
[1A[2KChrome Headless 124.0.6367.119 (Windows 10): Executed 14 of 91[32m SUCCESS[39m (0 secs / 0.521 secs)
[1A[2KChrome Headless 124.0.6367.119 (Windows 10): Executed 15 of 91[32m SUCCESS[39m (0 secs / 0.544 secs)
[1A[2KChrome Headless 124.0.6367.119 (Windows 10): Executed 16 of 91[32m SUCCESS[39m (0 secs / 0.568 secs)
[1A[2KChrome Headless 124.0.6367.119 (Windows 10): Executed 17 of 91[32m SUCCESS[39m (0 secs / 0.594 secs)
[1A[2KChrome Headless 124.0.6367.119 (Windows 10): Executed 18 of 91[32m SUCCESS[39m (0 secs / 0.62 secs)
[1A[2KChrome Headless 124.0.6367.119 (Windows 10): Executed 19 of 91[32m SUCCESS[39m (0 secs / 0.647 secs)
[1A[2KChrome Headless 124.0.6367.119 (Windows 10): Executed 20 of 91[32m SUCCESS[39m (0 secs / 0.68 secs)
[1A[2KChrome Headless 124.0.6367.119 (Windows 10): Executed 21 of 91[32m SUCCESS[39m (0 secs / 0.685 secs)
[1A[2KChrome Headless 124.0.6367.119 (Windows 10): Executed 22 of 91[32m SUCCESS[39m (0 secs / 0.687 secs)
[1A[2KChrome Headless 124.0.6367.119 (Windows 10): Executed 23 of 91[32m SUCCESS[39m (0 secs / 0.689 secs)
[1A[2KChrome Headless 124.0.6367.119 (Windows 10): Executed 24 of 91[32m SUCCESS[39m (0 secs / 0.691 secs)
[1A[2KChrome Headless 124.0.6367.119 (Windows 10): Executed 25 of 91[32m SUCCESS[39m (0 secs / 0.693 secs)
[1A[2KChrome Headless 124.0.6367.119 (Windows 10): Executed 26 of 91[32m SUCCESS[39m (0 secs / 0.695 secs)
[1A[2KChrome Headless 124.0.6367.119 (Windows 10): Executed 27 of 91[32m SUCCESS[39m (0 secs / 0.697 secs)
[1A[2KChrome Headless 124.0.6367.119 (Windows 10): Executed 28 of 91[32m SUCCESS[39m (0 secs / 0.699 secs)
[1A[2KChrome Headless 124.0.6367.119 (Windows 10): Executed 29 of 91[32m SUCCESS[39m (0 secs / 0.7 secs)
[1A[2KChrome Headless 124.0.6367.119 (Windows 10): Executed 30 of 91[32m SUCCESS[39m (0 secs / 0.701 secs)
[1A[2KChrome Headless 124.0.6367.119 (Windows 10): Executed 31 of 91[32m SUCCESS[39m (0 secs / 0.703 secs)
[1A[2KChrome Headless 124.0.6367.119 (Windows 10): Executed 32 of 91[32m SUCCESS[39m (0 secs / 0.745 secs)
[1A[2KChrome Headless 124.0.6367.119 (Windows 10): Executed 33 of 91[32m SUCCESS[39m (0 secs / 0.766 secs)
[1A[2KChrome Headless 124.0.6367.119 (Windows 10): Executed 34 of 91[32m SUCCESS[39m (0 secs / 0.772 secs)
[1A[2KChrome Headless 124.0.6367.119 (Windows 10): Executed 35 of 91[32m SUCCESS[39m (0 secs / 0.78 secs)
[1A[2KChrome Headless 124.0.6367.119 (Windows 10): Executed 36 of 91[32m SUCCESS[39m (0 secs / 0.79 secs)
[1A[2KChrome Headless 124.0.6367.119 (Windows 10): Executed 37 of 91[32m SUCCESS[39m (0 secs / 0.795 secs)
[1A[2KChrome Headless 124.0.6367.119 (Windows 10): Executed 38 of 91[32m SUCCESS[39m (0 secs / 0.801 secs)
[1A[2KChrome Headless 124.0.6367.119 (Windows 10): Executed 39 of 91[32m SUCCESS[39m (0 secs / 0.811 secs)
[1A[2KChrome Headless 124.0.6367.119 (Windows 10): Executed 40 of 91[32m SUCCESS[39m (0 secs / 0.814 secs)
[1A[2KChrome Headless 124.0.6367.119 (Windows 10): Executed 41 of 91[32m SUCCESS[39m (0 secs / 0.817 secs)
[1A[2KChrome Headless 124.0.6367.119 (Windows 10): Executed 42 of 91[32m SUCCESS[39m (0 secs / 0.819 secs)
[1A[2KChrome Headless 124.0.6367.119 (Windows 10): Executed 43 of 91[32m SUCCESS[39m (0 secs / 0.822 secs)
[1A[2KChrome Headless 124.0.6367.119 (Windows 10): Executed 44 of 91[32m SUCCESS[39m (0 secs / 0.824 secs)
[1A[2KChrome Headless 124.0.6367.119 (Windows 10): Executed 45 of 91[32m SUCCESS[39m (0 secs / 0.826 secs)
[1A[2KChrome Headless 124.0.6367.119 (Windows 10): Executed 46 of 91[32m SUCCESS[39m (0 secs / 0.828 secs)
[1A[2KChrome Headless 124.0.6367.119 (Windows 10): Executed 47 of 91[32m SUCCESS[39m (0 secs / 0.83 secs)
[1A[2KChrome Headless 124.0.6367.119 (Windows 10): Executed 48 of 91[32m SUCCESS[39m (0 secs / 0.833 secs)
[1A[2KChrome Headless 124.0.6367.119 (Windows 10): Executed 49 of 91[32m SUCCESS[39m (0 secs / 0.835 secs)
[1A[2KChrome Headless 124.0.6367.119 (Windows 10): Executed 50 of 91[32m SUCCESS[39m (0 secs / 0.838 secs)
[1A[2KChrome Headless 124.0.6367.119 (Windows 10): Executed 51 of 91[32m SUCCESS[39m (0 secs / 0.841 secs)
[1A[2KChrome Headless 124.0.6367.119 (Windows 10): Executed 52 of 91[32m SUCCESS[39m (0 secs / 0.843 secs)
[1A[2KChrome Headless 124.0.6367.119 (Windows 10): Executed 53 of 91[32m SUCCESS[39m (0 secs / 0.845 secs)
[1A[2KChrome Headless 124.0.6367.119 (Windows 10): Executed 54 of 91[32m SUCCESS[39m (0 secs / 0.847 secs)
[1A[2KChrome Headless 124.0.6367.119 (Windows 10): Executed 55 of 91[32m SUCCESS[39m (0 secs / 0.85 secs)
[1A[2KChrome Headless 124.0.6367.119 (Windows 10): Executed 56 of 91[32m SUCCESS[39m (0 secs / 0.853 secs)
[1A[2KChrome Headless 124.0.6367.119 (Windows 10): Executed 57 of 91[32m SUCCESS[39m (0 secs / 0.855 secs)
[1A[2KChrome Headless 124.0.6367.119 (Windows 10): Executed 58 of 91[32m SUCCESS[39m (0 secs / 0.857 secs)
[1A[2KChrome Headless 124.0.6367.119 (Windows 10): Executed 59 of 91[32m SUCCESS[39m (0 secs / 0.859 secs)
[1A[2KChrome Headless 124.0.6367.119 (Windows 10): Executed 60 of 91[32m SUCCESS[39m (0 secs / 0.861 secs)
[1A[2KChrome Headless 124.0.6367.119 (Windows 10): Executed 61 of 91[32m SUCCESS[39m (0 secs / 0.862 secs)
[1A[2KChrome Headless 124.0.6367.119 (Windows 10): Executed 62 of 91[32m SUCCESS[39m (0 secs / 0.864 secs)
[1A[2KChrome Headless 124.0.6367.119 (Windows 10): Executed 63 of 91[32m SUCCESS[39m (0 secs / 0.867 secs)
[1A[2KChrome Headless 124.0.6367.119 (Windows 10): Executed 64 of 91[32m SUCCESS[39m (0 secs / 0.869 secs)
[1A[2KChrome Headless 124.0.6367.119 (Windows 10): Executed 65 of 91[32m SUCCESS[39m (0 secs / 0.871 secs)
[1A[2KChrome Headless 124.0.6367.119 (Windows 10): Executed 66 of 91[32m SUCCESS[39m (0 secs / 0.873 secs)
[1A[2KChrome Headless 124.0.6367.119 (Windows 10): Executed 67 of 91[32m SUCCESS[39m (0 secs / 0.874 secs)
[1A[2KChrome Headless 124.0.6367.119 (Windows 10): Executed 68 of 91[32m SUCCESS[39m (0 secs / 0.875 secs)
[1A[2KChrome Headless 124.0.6367.119 (Windows 10): Executed 69 of 91[32m SUCCESS[39m (0 secs / 0.877 secs)
[1A[2KChrome Headless 124.0.6367.119 (Windows 10): Executed 70 of 91[32m SUCCESS[39m (0 secs / 0.879 secs)
[1A[2KChrome Headless 124.0.6367.119 (Windows 10): Executed 71 of 91[32m SUCCESS[39m (0 secs / 0.881 secs)
[1A[2KChrome Headless 124.0.6367.119 (Windows 10): Executed 72 of 91[32m SUCCESS[39m (0 secs / 0.884 secs)
[1A[2KChrome Headless 124.0.6367.119 (Windows 10): Executed 73 of 91[32m SUCCESS[39m (0 secs / 0.886 secs)
[1A[2KChrome Headless 124.0.6367.119 (Windows 10): Executed 74 of 91[32m SUCCESS[39m (0 secs / 0.889 secs)
[1A[2KChrome Headless 124.0.6367.119 (Windows 10): Executed 75 of 91[32m SUCCESS[39m (0 secs / 0.891 secs)
[1A[2KChrome Headless 124.0.6367.119 (Windows 10): Executed 76 of 91[32m SUCCESS[39m (0 secs / 0.893 secs)
[1A[2KChrome Headless 124.0.6367.119 (Windows 10): Executed 77 of 91[32m SUCCESS[39m (0 secs / 0.895 secs)
[1A[2KChrome Headless 124.0.6367.119 (Windows 10): Executed 78 of 91[32m SUCCESS[39m (0 secs / 0.897 secs)
[1A[2K[31mChrome Headless 124.0.6367.119 (Windows 10) MainLayoutComponent should call authService.logout() and navigate to /auth/login when logout is called FAILED[39m
	Error: NG0908: In this configuration Angular requires Zone.js
	error properties: Object({ code: 908 })
	    at new _NgZone (node_modules/@angular/core/fesm2022/debug_node.mjs:7704:19)
	    at Object.ngZoneFactory [as useFactory] (node_modules/@angular/core/fesm2022/debug_node.mjs:30819:29)
	    at Object.factory (node_modules/@angular/core/fesm2022/root_effect_scheduler.mjs:2297:38)
	    at node_modules/@angular/core/fesm2022/root_effect_scheduler.mjs:2194:47
	    at runInInjectorProfilerContext (node_modules/@angular/core/fesm2022/root_effect_scheduler.mjs:749:9)
	    at R3Injector.hydrate (node_modules/@angular/core/fesm2022/root_effect_scheduler.mjs:2192:21)
	    at R3Injector.get (node_modules/@angular/core/fesm2022/root_effect_scheduler.mjs:2040:33)
	    at R3Injector.retrieve (node_modules/@angular/core/fesm2022/root_effect_scheduler.mjs:1936:25)
	    at injectInjectorOnly (node_modules/@angular/core/fesm2022/root_effect_scheduler.mjs:1049:39)
	    at ╔╡╔╡inject (node_modules/@angular/core/fesm2022/root_effect_scheduler.mjs:1061:42)
Chrome Headless 124.0.6367.119 (Windows 10): Executed 79 of 91[31m (1 FAILED)[39m (0 secs / 0.923 secs)
[1A[2K[31mChrome Headless 124.0.6367.119 (Windows 10) MainLayoutComponent should show cart item count from CartService.itemCount signal FAILED[39m
	Error: NG0908: In this configuration Angular requires Zone.js
	error properties: Object({ code: 908 })
	    at new _NgZone (node_modules/@angular/core/fesm2022/debug_node.mjs:7704:19)
	    at Object.ngZoneFactory [as useFactory] (node_modules/@angular/core/fesm2022/debug_node.mjs:30819:29)
	    at Object.factory (node_modules/@angular/core/fesm2022/root_effect_scheduler.mjs:2297:38)
	    at node_modules/@angular/core/fesm2022/root_effect_scheduler.mjs:2194:47
	    at runInInjectorProfilerContext (node_modules/@angular/core/fesm2022/root_effect_scheduler.mjs:749:9)
	    at R3Injector.hydrate (node_modules/@angular/core/fesm2022/root_effect_scheduler.mjs:2192:21)
	    at R3Injector.get (node_modules/@angular/core/fesm2022/root_effect_scheduler.mjs:2040:33)
	    at R3Injector.retrieve (node_modules/@angular/core/fesm2022/root_effect_scheduler.mjs:1936:25)
	    at injectInjectorOnly (node_modules/@angular/core/fesm2022/root_effect_scheduler.mjs:1049:39)
	    at ╔╡╔╡inject (node_modules/@angular/core/fesm2022/root_effect_scheduler.mjs:1061:42)
Chrome Headless 124.0.6367.119 (Windows 10): Executed 80 of 91[31m (2 FAILED)[39m (0 secs / 0.926 secs)
[1A[2K[31mChrome Headless 124.0.6367.119 (Windows 10) MainLayoutComponent should create FAILED[39m
	Error: NG0908: In this configuration Angular requires Zone.js
	error properties: Object({ code: 908 })
	    at new _NgZone (node_modules/@angular/core/fesm2022/debug_node.mjs:7704:19)
	    at Object.ngZoneFactory [as useFactory] (node_modules/@angular/core/fesm2022/debug_node.mjs:30819:29)
	    at Object.factory (node_modules/@angular/core/fesm2022/root_effect_scheduler.mjs:2297:38)
	    at node_modules/@angular/core/fesm2022/root_effect_scheduler.mjs:2194:47
	    at runInInjectorProfilerContext (node_modules/@angular/core/fesm2022/root_effect_scheduler.mjs:749:9)
	    at R3Injector.hydrate (node_modules/@angular/core/fesm2022/root_effect_scheduler.mjs:2192:21)
	    at R3Injector.get (node_modules/@angular/core/fesm2022/root_effect_scheduler.mjs:2040:33)
	    at R3Injector.retrieve (node_modules/@angular/core/fesm2022/root_effect_scheduler.mjs:1936:25)
	    at injectInjectorOnly (node_modules/@angular/core/fesm2022/root_effect_scheduler.mjs:1049:39)
	    at ╔╡╔╡inject (node_modules/@angular/core/fesm2022/root_effect_scheduler.mjs:1061:42)
Chrome Headless 124.0.6367.119 (Windows 10): Executed 81 of 91[31m (3 FAILED)[39m (0 secs / 0.929 secs)
[1A[2K[31mChrome Headless 124.0.6367.119 (Windows 10) MainLayoutComponent should show user name and logout option when isLoggedIn() is true FAILED[39m
	Error: NG0908: In this configuration Angular requires Zone.js
	error properties: Object({ code: 908 })
	    at new _NgZone (node_modules/@angular/core/fesm2022/debug_node.mjs:7704:19)
	    at Object.ngZoneFactory [as useFactory] (node_modules/@angular/core/fesm2022/debug_node.mjs:30819:29)
	    at Object.factory (node_modules/@angular/core/fesm2022/root_effect_scheduler.mjs:2297:38)
	    at node_modules/@angular/core/fesm2022/root_effect_scheduler.mjs:2194:47
	    at runInInjectorProfilerContext (node_modules/@angular/core/fesm2022/root_effect_scheduler.mjs:749:9)
	    at R3Injector.hydrate (node_modules/@angular/core/fesm2022/root_effect_scheduler.mjs:2192:21)
	    at R3Injector.get (node_modules/@angular/core/fesm2022/root_effect_scheduler.mjs:2040:33)
	    at R3Injector.retrieve (node_modules/@angular/core/fesm2022/root_effect_scheduler.mjs:1936:25)
	    at injectInjectorOnly (node_modules/@angular/core/fesm2022/root_effect_scheduler.mjs:1049:39)
	    at ╔╡╔╡inject (node_modules/@angular/core/fesm2022/root_effect_scheduler.mjs:1061:42)
Chrome Headless 124.0.6367.119 (Windows 10): Executed 82 of 91[31m (4 FAILED)[39m (0 secs / 0.932 secs)
[1A[2K[31mChrome Headless 124.0.6367.119 (Windows 10) MainLayoutComponent should show Login/Register links when isLoggedIn() is false FAILED[39m
	Error: NG0908: In this configuration Angular requires Zone.js
	error properties: Object({ code: 908 })
	    at new _NgZone (node_modules/@angular/core/fesm2022/debug_node.mjs:7704:19)
	    at Object.ngZoneFactory [as useFactory] (node_modules/@angular/core/fesm2022/debug_node.mjs:30819:29)
	    at Object.factory (node_modules/@angular/core/fesm2022/root_effect_scheduler.mjs:2297:38)
	    at node_modules/@angular/core/fesm2022/root_effect_scheduler.mjs:2194:47
	    at runInInjectorProfilerContext (node_modules/@angular/core/fesm2022/root_effect_scheduler.mjs:749:9)
	    at R3Injector.hydrate (node_modules/@angular/core/fesm2022/root_effect_scheduler.mjs:2192:21)
	    at R3Injector.get (node_modules/@angular/core/fesm2022/root_effect_scheduler.mjs:2040:33)
	    at R3Injector.retrieve (node_modules/@angular/core/fesm2022/root_effect_scheduler.mjs:1936:25)
	    at injectInjectorOnly (node_modules/@angular/core/fesm2022/root_effect_scheduler.mjs:1049:39)
	    at ╔╡╔╡inject (node_modules/@angular/core/fesm2022/root_effect_scheduler.mjs:1061:42)
Chrome Headless 124.0.6367.119 (Windows 10): Executed 83 of 91[31m (5 FAILED)[39m (0 secs / 0.934 secs)
[1A[2KChrome Headless 124.0.6367.119 (Windows 10): Executed 84 of 91[31m (5 FAILED)[39m (0 secs / 0.936 secs)
[1A[2KChrome Headless 124.0.6367.119 (Windows 10): Executed 85 of 91[31m (5 FAILED)[39m (0 secs / 0.938 secs)
[1A[2KChrome Headless 124.0.6367.119 (Windows 10): Executed 86 of 91[31m (5 FAILED)[39m (0 secs / 0.94 secs)
[1A[2KERROR: [36m'API Error:', HttpErrorResponse{headers: _HttpHeaders{headers: Map{}, normalizedNames: Map{}, lazyInit: undefined, lazyUpdate: null}, status: 500, statusText: 'Server Error', url: 'https://e-commerce-node-iti.vercel.app/products', ok: false, type: undefined, redirected: undefined, name: 'HttpErrorResponse', message: 'Http failure response for https://e-commerce-node-iti.vercel.app/products: 500 Server Error', error: Object{message: 'Test error'}}[39m
Chrome Headless 124.0.6367.119 (Windows 10): Executed 86 of 91[31m (5 FAILED)[39m (0 secs / 0.94 secs)
ERROR: 'API Error:', HttpErrorResponse{headers: _HttpHeaders{headers: Map{}, normalizedNames: Map{}, lazyInit: undefined, lazyUpdate: null}, status: 500, statusText: 'Server Error', url: 'https://e-commerce-node-iti.vercel.app/products', ok: false, type: undefined, redirected: undefined, name: 'HttpErrorResponse', message: 'Http failure response for https://e-commerce-node-iti.vercel.app/products: 500 Server Error', error: Object{message: 'Test error'}}
[1A[2KChrome Headless 124.0.6367.119 (Windows 10): Executed 87 of 91[31m (5 FAILED)[39m (0 secs / 0.943 secs)
[1A[2KChrome Headless 124.0.6367.119 (Windows 10): Executed 88 of 91[31m (5 FAILED)[39m (0 secs / 0.945 secs)
[1A[2KChrome Headless 124.0.6367.119 (Windows 10): Executed 89 of 91[31m (5 FAILED)[39m (0 secs / 0.947 secs)
[1A[2KERROR: [36m'[API ERROR]:', 'Server error ΓÇö our team is looking into it'[39m
Chrome Headless 124.0.6367.119 (Windows 10): Executed 89 of 91[31m (5 FAILED)[39m (0 secs / 0.947 secs)
ERROR: '[API ERROR]:', 'Server error ΓÇö our team is looking into it'
[1A[2KChrome Headless 124.0.6367.119 (Windows 10): Executed 90 of 91[31m (5 FAILED)[39m (0 secs / 0.949 secs)
[1A[2KERROR: [36m'[API ERROR]:', 'Unauthorized ΓÇö please login again'[39m
Chrome Headless 124.0.6367.119 (Windows 10): Executed 90 of 91[31m (5 FAILED)[39m (0 secs / 0.949 secs)
ERROR: '[API ERROR]:', 'Unauthorized ΓÇö please login again'
[1A[2KChrome Headless 124.0.6367.119 (Windows 10): Executed 91 of 91[31m (5 FAILED)[39m (0 secs / 0.951 secs)
[1A[2KChrome Headless 124.0.6367.119 (Windows 10): Executed 91 of 91[31m (5 FAILED)[39m (1.057 secs / 0.951 secs)
[31mTOTAL: 5 FAILED, 86 SUCCESS[39m
